// Vitest Snapshot v1, https://vitest.dev/guide/snapshot.html

exports[`useStore > 默认快照 > default 1`] = `
{
  "data": [
    [
      "",
      "",
      "",
      "",
      "",
    ],
    [
      "",
      "",
      "",
      "",
      "",
    ],
    [
      "",
      "",
      "",
      "",
      "",
    ],
    [
      "",
      "",
      "",
      "",
      "",
    ],
    [
      "",
      "",
      "",
      "",
      "",
    ],
    [
      "",
      "",
      "",
      "",
      "",
    ],
  ],
  "defaultData": [
    [
      "",
      "",
      "",
      "",
      "",
    ],
    [
      "",
      "",
      "",
      "",
      "",
    ],
    [
      "",
      "",
      "",
      "",
      "",
    ],
    [
      "",
      "",
      "",
      "",
      "",
    ],
    [
      "",
      "",
      "",
      "",
      "",
    ],
    [
      "",
      "",
      "",
      "",
      "",
    ],
  ],
  "handleDataChanges": [Function],
  "internalUpdateData": [Function],
  "onDataChange": null,
  "outsideUpdateData": [Function],
  "reset": [Function],
  "resetData": [Function],
  "setDefaultData": [Function],
  "setStoreState": [Function],
  "updateByColumn": [Function],
  "updateByRow": [Function],
}
`;

exports[`实际使用的中遇到的用例 bug > 复制粘贴较长的 excel到表格中，无法正常复制 1`] = `
[
  [
    "序号",
    "作品类型",
    "样本格式",
    "最大容量限制",
    "文件类型",
    "产品定价",
  ],
  [
    "1",
    "文字",
    "PDF",
    "10M",
    "文字",
    "5元/次",
  ],
  [
    "2",
    "口述",
    "MP3、WAV",
    "50M",
    "音频",
    "10元/次",
  ],
  [
    "3",
    "音乐",
    "MP3、WAV",
    "50M",
    "音频",
    "10元/次",
  ],
  [
    "4",
    "戏剧",
    "PDF",
    "10M",
    "文字",
    "5元/次",
  ],
  [
    "5",
    "曲艺",
    "MP4、AVI、WMV",
    "200M",
    "视频",
    "20元/次",
  ],
  [
    "6",
    "舞蹈",
    "MP4、AVI、WMV",
    "200M",
    "视频",
    "20元/次",
  ],
  [
    "7",
    "杂技",
    "MP4、AVI、WMV",
    "200M",
    "视频",
    "20元/次",
  ],
  [
    "8",
    "美术",
    "JPG、PNG、JPEG",
    "5M",
    "图片",
    "5元/次",
  ],
  [
    "9",
    "建筑",
    "PDF",
    "10M",
    "图片",
    "5元/次",
  ],
  [
    "10",
    "摄影",
    "JPG、PNG、JPEG",
    "5M",
    "图片",
    "5元/次",
  ],
  [
    "11",
    "视听",
    "MP4、AVI、WMV",
    "200M",
    "视频",
    "20元/次",
  ],
  [
    "12",
    "图形作品（工程设计图、产品设计图、地图、示意图）",
    "JPG、PNG、JPEG",
    "5M",
    "图片",
    "5元/次",
  ],
]
`;
