// Vitest Snapshot v1, https://vitest.dev/guide/snapshot.html

exports[`proEditorStore > 方法 > 修改配置 > 受控模式，有 componentAssets > 内部 config 更新时，内部 props 更新，同时外部值可接受到 props、config 值变化 1`] = `{}`;

exports[`proEditorStore > 方法 > 修改配置 > 受控模式，有 componentAssets > 内部 config 更新时，内部 props 更新，同时外部值可接受到 props、config 值变化 2`] = `undefined`;

exports[`proEditorStore > 方法 > 修改配置 > 受控模式，有 componentAssets > 外部设置 config 时，内部 props 会跟随 config 更新，不触发 onChange 1`] = `{}`;
